This is pdfTeX, Version 3.141592653-2.6-1.40.25 (MiKTeX 23.12) (preloaded format=pdflatex 2023.11.25)  7 SEP 2024 17:13
entering extended mode
 restricted \write18 enabled.
 file:line:error style messages enabled.
 %&-line parsing enabled.
**/home/maurizio/Documents/GitHub/computational-biophysics-theory/formulae/formulae.tex
(/home/maurizio/Documents/GitHub/computational-biophysics-theory/formulae/formulae.tex
LaTeX2e <2023-11-01>
L3 programming layer <2023-11-09>
(/home/maurizio/.miktex/texmfs/install/tex/latex/base/article.cls
Document Class: article 2023/05/17 v1.4n Standard LaTeX document class
(/home/maurizio/.miktex/texmfs/install/tex/latex/base/size10.clo
File: size10.clo 2023/05/17 v1.4n Standard LaTeX file (size option)
)
\c@part=\count186
\c@section=\count187
\c@subsection=\count188
\c@subsubsection=\count189
\c@paragraph=\count190
\c@subparagraph=\count191
\c@figure=\count192
\c@table=\count193
\abovecaptionskip=\skip48
\belowcaptionskip=\skip49
\bibindent=\dimen140
) (/home/maurizio/.miktex/texmfs/install/tex/latex/geometry/geometry.sty
Package: geometry 2020/01/02 v5.9 Page Geometry
 (/home/maurizio/.miktex/texmfs/install/tex/latex/graphics/keyval.sty
Package: keyval 2022/05/29 v1.15 key=value parser (DPC)
\KV@toks@=\toks17
) (/home/maurizio/.miktex/texmfs/install/tex/generic/iftex/ifvtex.sty
Package: ifvtex 2019/10/25 v1.7 ifvtex legacy package. Use iftex instead.
 (/home/maurizio/.miktex/texmfs/install/tex/generic/iftex/iftex.sty
Package: iftex 2022/02/03 v1.0f TeX engine tests
))
\Gm@cnth=\count194
\Gm@cntv=\count195
\c@Gm@tempcnt=\count196
\Gm@bindingoffset=\dimen141
\Gm@wd@mp=\dimen142
\Gm@odd@mp=\dimen143
\Gm@even@mp=\dimen144
\Gm@layoutwidth=\dimen145
\Gm@layoutheight=\dimen146
\Gm@layouthoffset=\dimen147
\Gm@layoutvoffset=\dimen148
\Gm@dimlist=\toks18
 (/home/maurizio/.miktex/texmfs/install/tex/latex/geometry/geometry.cfg)) (/home/maurizio/.miktex/texmfs/install/tex/latex/tools/multicol.sty
Package: multicol 2023/03/30 v1.9f multicolumn formatting (FMi)
\c@tracingmulticols=\count197
\mult@box=\box51
\multicol@leftmargin=\dimen149
\c@unbalance=\count198
\c@collectmore=\count199
\doublecol@number=\count266
\multicoltolerance=\count267
\multicolpretolerance=\count268
\full@width=\dimen150
\page@free=\dimen151
\premulticols=\dimen152
\postmulticols=\dimen153
\multicolsep=\skip50
\multicolbaselineskip=\skip51
\partial@page=\box52
\last@line=\box53
\mc@boxedresult=\box54
\maxbalancingoverflow=\dimen154
\mult@rightbox=\box55
\mult@grightbox=\box56
\mult@firstbox=\box57
\mult@gfirstbox=\box58
\@tempa=\box59
\@tempa=\box60
\@tempa=\box61
\@tempa=\box62
\@tempa=\box63
\@tempa=\box64
\@tempa=\box65
\@tempa=\box66
\@tempa=\box67
\@tempa=\box68
\@tempa=\box69
\@tempa=\box70
\@tempa=\box71
\@tempa=\box72
\@tempa=\box73
\@tempa=\box74
\@tempa=\box75
\@tempa=\box76
\@tempa=\box77
\@tempa=\box78
\@tempa=\box79
\@tempa=\box80
\@tempa=\box81
\@tempa=\box82
\@tempa=\box83
\@tempa=\box84
\@tempa=\box85
\@tempa=\box86
\@tempa=\box87
\@tempa=\box88
\@tempa=\box89
\@tempa=\box90
\@tempa=\box91
\@tempa=\box92
\@tempa=\box93
\@tempa=\box94
\c@minrows=\count269
\c@columnbadness=\count270
\c@finalcolumnbadness=\count271
\last@try=\dimen155
\multicolovershoot=\dimen156
\multicolundershoot=\dimen157
\mult@nat@firstbox=\box95
\colbreak@box=\box96
\mc@col@check@num=\count272
) (/home/maurizio/.miktex/texmfs/install/tex/latex/amsmath/amsmath.sty
Package: amsmath 2023/05/13 v2.17o AMS math features
\@mathmargin=\skip52

For additional information on amsmath, use the `?' option.
(/home/maurizio/.miktex/texmfs/install/tex/latex/amsmath/amstext.sty
Package: amstext 2021/08/26 v2.01 AMS text
 (/home/maurizio/.miktex/texmfs/install/tex/latex/amsmath/amsgen.sty
File: amsgen.sty 1999/11/30 v2.0 generic functions
\@emptytoks=\toks19
\ex@=\dimen158
)) (/home/maurizio/.miktex/texmfs/install/tex/latex/amsmath/amsbsy.sty
Package: amsbsy 1999/11/29 v1.2d Bold Symbols
\pmbraise@=\dimen159
) (/home/maurizio/.miktex/texmfs/install/tex/latex/amsmath/amsopn.sty
Package: amsopn 2022/04/08 v2.04 operator names
)
\inf@bad=\count273
LaTeX Info: Redefining \frac on input line 234.
\uproot@=\count274
\leftroot@=\count275
LaTeX Info: Redefining \overline on input line 399.
LaTeX Info: Redefining \colon on input line 410.
\classnum@=\count276
\DOTSCASE@=\count277
LaTeX Info: Redefining \ldots on input line 496.
LaTeX Info: Redefining \dots on input line 499.
LaTeX Info: Redefining \cdots on input line 620.
\Mathstrutbox@=\box97
\strutbox@=\box98
LaTeX Info: Redefining \big on input line 722.
LaTeX Info: Redefining \Big on input line 723.
LaTeX Info: Redefining \bigg on input line 724.
LaTeX Info: Redefining \Bigg on input line 725.
\big@size=\dimen160
LaTeX Font Info:    Redeclaring font encoding OML on input line 743.
LaTeX Font Info:    Redeclaring font encoding OMS on input line 744.
\macc@depth=\count278
LaTeX Info: Redefining \bmod on input line 905.
LaTeX Info: Redefining \pmod on input line 910.
LaTeX Info: Redefining \smash on input line 940.
LaTeX Info: Redefining \relbar on input line 970.
LaTeX Info: Redefining \Relbar on input line 971.
\c@MaxMatrixCols=\count279
\dotsspace@=\muskip16
\c@parentequation=\count280
\dspbrk@lvl=\count281
\tag@help=\toks20
\row@=\count282
\column@=\count283
\maxfields@=\count284
\andhelp@=\toks21
\eqnshift@=\dimen161
\alignsep@=\dimen162
\tagshift@=\dimen163
\tagwidth@=\dimen164
\totwidth@=\dimen165
\lineht@=\dimen166
\@envbody=\toks22
\multlinegap=\skip53
\multlinetaggap=\skip54
\mathdisplay@stack=\toks23
LaTeX Info: Redefining \[ on input line 2953.
LaTeX Info: Redefining \] on input line 2954.
) (/home/maurizio/.miktex/texmfs/install/tex/latex/amsfonts/amsfonts.sty
Package: amsfonts 2013/01/14 v3.01 Basic AMSFonts support
\symAMSa=\mathgroup4
\symAMSb=\mathgroup5
LaTeX Font Info:    Redeclaring math symbol \hbar on input line 98.
LaTeX Font Info:    Overwriting math alphabet `\mathfrak' in version `bold'
(Font)                  U/euf/m/n --> U/euf/b/n on input line 106.
) (/home/maurizio/.miktex/texmfs/install/tex/latex/pgf/frontendlayer/tikz.sty (/home/maurizio/.miktex/texmfs/install/tex/latex/pgf/basiclayer/pgf.sty (/home/maurizio/.miktex/texmfs/install/tex/latex/pgf/utilities/pgfrcs.sty (/home/maurizio/.miktex/texmfs/install/tex/generic/pgf/utilities/pgfutil-common.tex
\pgfutil@everybye=\toks24
\pgfutil@tempdima=\dimen167
\pgfutil@tempdimb=\dimen168
) (/home/maurizio/.miktex/texmfs/install/tex/generic/pgf/utilities/pgfutil-latex.def
\pgfutil@abb=\box99
) (/home/maurizio/.miktex/texmfs/install/tex/generic/pgf/utilities/pgfrcs.code.tex (/home/maurizio/.miktex/texmfs/install/tex/generic/pgf/pgf.revision.tex)
Package: pgfrcs 2023-01-15 v3.1.10 (3.1.10)
))
Package: pgf 2023-01-15 v3.1.10 (3.1.10)
 (/home/maurizio/.miktex/texmfs/install/tex/latex/pgf/basiclayer/pgfcore.sty (/home/maurizio/.miktex/texmfs/install/tex/latex/graphics/graphicx.sty
Package: graphicx 2021/09/16 v1.2d Enhanced LaTeX Graphics (DPC,SPQR)
 (/home/maurizio/.miktex/texmfs/install/tex/latex/graphics/graphics.sty
Package: graphics 2022/03/10 v1.4e Standard LaTeX Graphics (DPC,SPQR)
 (/home/maurizio/.miktex/texmfs/install/tex/latex/graphics/trig.sty
Package: trig 2021/08/11 v1.11 sin cos tan (DPC)
) (/home/maurizio/.miktex/texmfs/install/tex/latex/graphics-cfg/graphics.cfg
File: graphics.cfg 2016/06/04 v1.11 sample graphics configuration
)
Package graphics Info: Driver file: pdftex.def on input line 107.
 (/home/maurizio/.miktex/texmfs/install/tex/latex/graphics-def/pdftex.def
File: pdftex.def 2022/09/22 v1.2b Graphics/color driver for pdftex
))
\Gin@req@height=\dimen169
\Gin@req@width=\dimen170
) (/home/maurizio/.miktex/texmfs/install/tex/latex/pgf/systemlayer/pgfsys.sty (/home/maurizio/.miktex/texmfs/install/tex/generic/pgf/systemlayer/pgfsys.code.tex
Package: pgfsys 2023-01-15 v3.1.10 (3.1.10)
 (/home/maurizio/.miktex/texmfs/install/tex/generic/pgf/utilities/pgfkeys.code.tex
\pgfkeys@pathtoks=\toks25
\pgfkeys@temptoks=\toks26
 (/home/maurizio/.miktex/texmfs/install/tex/generic/pgf/utilities/pgfkeyslibraryfiltered.code.tex
\pgfkeys@tmptoks=\toks27
))
\pgf@x=\dimen171
\pgf@y=\dimen172
\pgf@xa=\dimen173
\pgf@ya=\dimen174
\pgf@xb=\dimen175
\pgf@yb=\dimen176
\pgf@xc=\dimen177
\pgf@yc=\dimen178
\pgf@xd=\dimen179
\pgf@yd=\dimen180
\w@pgf@writea=\write3
\r@pgf@reada=\read2
\c@pgf@counta=\count285
\c@pgf@countb=\count286
\c@pgf@countc=\count287
\c@pgf@countd=\count288
\t@pgf@toka=\toks28
\t@pgf@tokb=\toks29
\t@pgf@tokc=\toks30
\pgf@sys@id@count=\count289
 (/home/maurizio/.miktex/texmfs/install/tex/generic/pgf/systemlayer/pgf.cfg
File: pgf.cfg 2023-01-15 v3.1.10 (3.1.10)
)
Driver file for pgf: pgfsys-pdftex.def
 (/home/maurizio/.miktex/texmfs/install/tex/generic/pgf/systemlayer/pgfsys-pdftex.def
File: pgfsys-pdftex.def 2023-01-15 v3.1.10 (3.1.10)
 (/home/maurizio/.miktex/texmfs/install/tex/generic/pgf/systemlayer/pgfsys-common-pdf.def
File: pgfsys-common-pdf.def 2023-01-15 v3.1.10 (3.1.10)
))) (/home/maurizio/.miktex/texmfs/install/tex/generic/pgf/systemlayer/pgfsyssoftpath.code.tex
File: pgfsyssoftpath.code.tex 2023-01-15 v3.1.10 (3.1.10)
\pgfsyssoftpath@smallbuffer@items=\count290
\pgfsyssoftpath@bigbuffer@items=\count291
) (/home/maurizio/.miktex/texmfs/install/tex/generic/pgf/systemlayer/pgfsysprotocol.code.tex
File: pgfsysprotocol.code.tex 2023-01-15 v3.1.10 (3.1.10)
)) (/home/maurizio/.miktex/texmfs/install/tex/latex/xcolor/xcolor.sty
Package: xcolor 2023/11/15 v3.01 LaTeX color extensions (UK)
 (/home/maurizio/.miktex/texmfs/install/tex/latex/graphics-cfg/color.cfg
File: color.cfg 2016/01/02 v1.6 sample color configuration
)
Package xcolor Info: Driver file: pdftex.def on input line 274.
 (/home/maurizio/.miktex/texmfs/install/tex/latex/graphics/mathcolor.ltx)
Package xcolor Info: Model `cmy' substituted by `cmy0' on input line 1350.
Package xcolor Info: Model `hsb' substituted by `rgb' on input line 1354.
Package xcolor Info: Model `RGB' extended on input line 1366.
Package xcolor Info: Model `HTML' substituted by `rgb' on input line 1368.
Package xcolor Info: Model `Hsb' substituted by `hsb' on input line 1369.
Package xcolor Info: Model `tHsb' substituted by `hsb' on input line 1370.
Package xcolor Info: Model `HSB' substituted by `hsb' on input line 1371.
Package xcolor Info: Model `Gray' substituted by `gray' on input line 1372.
Package xcolor Info: Model `wave' substituted by `hsb' on input line 1373.
) (/home/maurizio/.miktex/texmfs/install/tex/generic/pgf/basiclayer/pgfcore.code.tex
Package: pgfcore 2023-01-15 v3.1.10 (3.1.10)
 (/home/maurizio/.miktex/texmfs/install/tex/generic/pgf/math/pgfmath.code.tex (/home/maurizio/.miktex/texmfs/install/tex/generic/pgf/math/pgfmathutil.code.tex) (/home/maurizio/.miktex/texmfs/install/tex/generic/pgf/math/pgfmathparser.code.tex
\pgfmath@dimen=\dimen181
\pgfmath@count=\count292
\pgfmath@box=\box100
\pgfmath@toks=\toks31
\pgfmath@stack@operand=\toks32
\pgfmath@stack@operation=\toks33
) (/home/maurizio/.miktex/texmfs/install/tex/generic/pgf/math/pgfmathfunctions.code.tex) (/home/maurizio/.miktex/texmfs/install/tex/generic/pgf/math/pgfmathfunctions.basic.code.tex) (/home/maurizio/.miktex/texmfs/install/tex/generic/pgf/math/pgfmathfunctions.trigonometric.code.tex) (/home/maurizio/.miktex/texmfs/install/tex/generic/pgf/math/pgfmathfunctions.random.code.tex) (/home/maurizio/.miktex/texmfs/install/tex/generic/pgf/math/pgfmathfunctions.comparison.code.tex) (/home/maurizio/.miktex/texmfs/install/tex/generic/pgf/math/pgfmathfunctions.base.code.tex) (/home/maurizio/.miktex/texmfs/install/tex/generic/pgf/math/pgfmathfunctions.round.code.tex) (/home/maurizio/.miktex/texmfs/install/tex/generic/pgf/math/pgfmathfunctions.misc.code.tex) (/home/maurizio/.miktex/texmfs/install/tex/generic/pgf/math/pgfmathfunctions.integerarithmetics.code.tex) (/home/maurizio/.miktex/texmfs/install/tex/generic/pgf/math/pgfmathcalc.code.tex) (/home/maurizio/.miktex/texmfs/install/tex/generic/pgf/math/pgfmathfloat.code.tex
\c@pgfmathroundto@lastzeros=\count293
)) (/home/maurizio/.miktex/texmfs/install/tex/generic/pgf/math/pgfint.code.tex) (/home/maurizio/.miktex/texmfs/install/tex/generic/pgf/basiclayer/pgfcorepoints.code.tex
File: pgfcorepoints.code.tex 2023-01-15 v3.1.10 (3.1.10)
\pgf@picminx=\dimen182
\pgf@picmaxx=\dimen183
\pgf@picminy=\dimen184
\pgf@picmaxy=\dimen185
\pgf@pathminx=\dimen186
\pgf@pathmaxx=\dimen187
\pgf@pathminy=\dimen188
\pgf@pathmaxy=\dimen189
\pgf@xx=\dimen190
\pgf@xy=\dimen191
\pgf@yx=\dimen192
\pgf@yy=\dimen193
\pgf@zx=\dimen194
\pgf@zy=\dimen195
) (/home/maurizio/.miktex/texmfs/install/tex/generic/pgf/basiclayer/pgfcorepathconstruct.code.tex
File: pgfcorepathconstruct.code.tex 2023-01-15 v3.1.10 (3.1.10)
\pgf@path@lastx=\dimen196
\pgf@path@lasty=\dimen197
) (/home/maurizio/.miktex/texmfs/install/tex/generic/pgf/basiclayer/pgfcorepathusage.code.tex
File: pgfcorepathusage.code.tex 2023-01-15 v3.1.10 (3.1.10)
\pgf@shorten@end@additional=\dimen198
\pgf@shorten@start@additional=\dimen199
) (/home/maurizio/.miktex/texmfs/install/tex/generic/pgf/basiclayer/pgfcorescopes.code.tex
File: pgfcorescopes.code.tex 2023-01-15 v3.1.10 (3.1.10)
\pgfpic=\box101
\pgf@hbox=\box102
\pgf@layerbox@main=\box103
\pgf@picture@serial@count=\count294
) (/home/maurizio/.miktex/texmfs/install/tex/generic/pgf/basiclayer/pgfcoregraphicstate.code.tex
File: pgfcoregraphicstate.code.tex 2023-01-15 v3.1.10 (3.1.10)
\pgflinewidth=\dimen256
) (/home/maurizio/.miktex/texmfs/install/tex/generic/pgf/basiclayer/pgfcoretransformations.code.tex
File: pgfcoretransformations.code.tex 2023-01-15 v3.1.10 (3.1.10)
\pgf@pt@x=\dimen257
\pgf@pt@y=\dimen258
\pgf@pt@temp=\dimen259
) (/home/maurizio/.miktex/texmfs/install/tex/generic/pgf/basiclayer/pgfcorequick.code.tex
File: pgfcorequick.code.tex 2023-01-15 v3.1.10 (3.1.10)
) (/home/maurizio/.miktex/texmfs/install/tex/generic/pgf/basiclayer/pgfcoreobjects.code.tex
File: pgfcoreobjects.code.tex 2023-01-15 v3.1.10 (3.1.10)
) (/home/maurizio/.miktex/texmfs/install/tex/generic/pgf/basiclayer/pgfcorepathprocessing.code.tex
File: pgfcorepathprocessing.code.tex 2023-01-15 v3.1.10 (3.1.10)
) (/home/maurizio/.miktex/texmfs/install/tex/generic/pgf/basiclayer/pgfcorearrows.code.tex
File: pgfcorearrows.code.tex 2023-01-15 v3.1.10 (3.1.10)
\pgfarrowsep=\dimen260
) (/home/maurizio/.miktex/texmfs/install/tex/generic/pgf/basiclayer/pgfcoreshade.code.tex
File: pgfcoreshade.code.tex 2023-01-15 v3.1.10 (3.1.10)
\pgf@max=\dimen261
\pgf@sys@shading@range@num=\count295
\pgf@shadingcount=\count296
) (/home/maurizio/.miktex/texmfs/install/tex/generic/pgf/basiclayer/pgfcoreimage.code.tex
File: pgfcoreimage.code.tex 2023-01-15 v3.1.10 (3.1.10)
) (/home/maurizio/.miktex/texmfs/install/tex/generic/pgf/basiclayer/pgfcoreexternal.code.tex
File: pgfcoreexternal.code.tex 2023-01-15 v3.1.10 (3.1.10)
\pgfexternal@startupbox=\box104
) (/home/maurizio/.miktex/texmfs/install/tex/generic/pgf/basiclayer/pgfcorelayers.code.tex
File: pgfcorelayers.code.tex 2023-01-15 v3.1.10 (3.1.10)
) (/home/maurizio/.miktex/texmfs/install/tex/generic/pgf/basiclayer/pgfcoretransparency.code.tex
File: pgfcoretransparency.code.tex 2023-01-15 v3.1.10 (3.1.10)
) (/home/maurizio/.miktex/texmfs/install/tex/generic/pgf/basiclayer/pgfcorepatterns.code.tex
File: pgfcorepatterns.code.tex 2023-01-15 v3.1.10 (3.1.10)
) (/home/maurizio/.miktex/texmfs/install/tex/generic/pgf/basiclayer/pgfcorerdf.code.tex
File: pgfcorerdf.code.tex 2023-01-15 v3.1.10 (3.1.10)
))) (/home/maurizio/.miktex/texmfs/install/tex/generic/pgf/modules/pgfmoduleshapes.code.tex
File: pgfmoduleshapes.code.tex 2023-01-15 v3.1.10 (3.1.10)
\pgfnodeparttextbox=\box105
) (/home/maurizio/.miktex/texmfs/install/tex/generic/pgf/modules/pgfmoduleplot.code.tex
File: pgfmoduleplot.code.tex 2023-01-15 v3.1.10 (3.1.10)
) (/home/maurizio/.miktex/texmfs/install/tex/latex/pgf/compatibility/pgfcomp-version-0-65.sty
Package: pgfcomp-version-0-65 2023-01-15 v3.1.10 (3.1.10)
\pgf@nodesepstart=\dimen262
\pgf@nodesepend=\dimen263
) (/home/maurizio/.miktex/texmfs/install/tex/latex/pgf/compatibility/pgfcomp-version-1-18.sty
Package: pgfcomp-version-1-18 2023-01-15 v3.1.10 (3.1.10)
)) (/home/maurizio/.miktex/texmfs/install/tex/latex/pgf/utilities/pgffor.sty (/home/maurizio/.miktex/texmfs/install/tex/latex/pgf/utilities/pgfkeys.sty (/home/maurizio/.miktex/texmfs/install/tex/generic/pgf/utilities/pgfkeys.code.tex)) (/home/maurizio/.miktex/texmfs/install/tex/latex/pgf/math/pgfmath.sty (/home/maurizio/.miktex/texmfs/install/tex/generic/pgf/math/pgfmath.code.tex)) (/home/maurizio/.miktex/texmfs/install/tex/generic/pgf/utilities/pgffor.code.tex
Package: pgffor 2023-01-15 v3.1.10 (3.1.10)
\pgffor@iter=\dimen264
\pgffor@skip=\dimen265
\pgffor@stack=\toks34
\pgffor@toks=\toks35
)) (/home/maurizio/.miktex/texmfs/install/tex/generic/pgf/frontendlayer/tikz/tikz.code.tex
Package: tikz 2023-01-15 v3.1.10 (3.1.10)
 (/home/maurizio/.miktex/texmfs/install/tex/generic/pgf/libraries/pgflibraryplothandlers.code.tex
File: pgflibraryplothandlers.code.tex 2023-01-15 v3.1.10 (3.1.10)
\pgf@plot@mark@count=\count297
\pgfplotmarksize=\dimen266
)
\tikz@lastx=\dimen267
\tikz@lasty=\dimen268
\tikz@lastxsaved=\dimen269
\tikz@lastysaved=\dimen270
\tikz@lastmovetox=\dimen271
\tikz@lastmovetoy=\dimen272
\tikzleveldistance=\dimen273
\tikzsiblingdistance=\dimen274
\tikz@figbox=\box106
\tikz@figbox@bg=\box107
\tikz@tempbox=\box108
\tikz@tempbox@bg=\box109
\tikztreelevel=\count298
\tikznumberofchildren=\count299
\tikznumberofcurrentchild=\count300
\tikz@fig@count=\count301
 (/home/maurizio/.miktex/texmfs/install/tex/generic/pgf/modules/pgfmodulematrix.code.tex
File: pgfmodulematrix.code.tex 2023-01-15 v3.1.10 (3.1.10)
\pgfmatrixcurrentrow=\count302
\pgfmatrixcurrentcolumn=\count303
\pgf@matrix@numberofcolumns=\count304
)
\tikz@expandcount=\count305
 (/home/maurizio/.miktex/texmfs/install/tex/generic/pgf/frontendlayer/tikz/libraries/tikzlibrarytopaths.code.tex
File: tikzlibrarytopaths.code.tex 2023-01-15 v3.1.10 (3.1.10)
))) (/home/maurizio/.miktex/texmfs/install/tex/generic/pgf/frontendlayer/tikz/libraries/tikzlibrarydecorations.pathmorphing.code.tex (/home/maurizio/.miktex/texmfs/install/tex/generic/pgf/frontendlayer/tikz/libraries/tikzlibrarydecorations.code.tex (/home/maurizio/.miktex/texmfs/install/tex/generic/pgf/modules/pgfmoduledecorations.code.tex
\pgfdecoratedcompleteddistance=\dimen275
\pgfdecoratedremainingdistance=\dimen276
\pgfdecoratedinputsegmentcompleteddistance=\dimen277
\pgfdecoratedinputsegmentremainingdistance=\dimen278
\pgf@decorate@distancetomove=\dimen279
\pgf@decorate@repeatstate=\count306
\pgfdecorationsegmentamplitude=\dimen280
\pgfdecorationsegmentlength=\dimen281
)
\tikz@lib@dec@box=\box110
) (/home/maurizio/.miktex/texmfs/install/tex/generic/pgf/libraries/decorations/pgflibrarydecorations.pathmorphing.code.tex)) (/home/maurizio/.miktex/texmfs/install/tex/latex/amsfonts/amssymb.sty
Package: amssymb 2013/01/14 v3.01 AMS font symbols
) (/home/maurizio/.miktex/texmfs/install/tex/latex/mathtools/mathtools.sty
Package: mathtools 2022/06/29 v1.29 mathematical typesetting tools
 (/home/maurizio/.miktex/texmfs/install/tex/latex/tools/calc.sty
Package: calc 2023/07/08 v4.3 Infix arithmetic (KKT,FJ)
\calc@Acount=\count307
\calc@Bcount=\count308
\calc@Adimen=\dimen282
\calc@Bdimen=\dimen283
\calc@Askip=\skip55
\calc@Bskip=\skip56
LaTeX Info: Redefining \setlength on input line 80.
LaTeX Info: Redefining \addtolength on input line 81.
\calc@Ccount=\count309
\calc@Cskip=\skip57
) (/home/maurizio/.miktex/texmfs/install/tex/latex/mathtools/mhsetup.sty
Package: mhsetup 2021/03/18 v1.4 programming setup (MH)
)
\g_MT_multlinerow_int=\count310
\l_MT_multwidth_dim=\dimen284
\origjot=\skip58
\l_MT_shortvdotswithinadjustabove_dim=\dimen285
\l_MT_shortvdotswithinadjustbelow_dim=\dimen286
\l_MT_above_intertext_sep=\dimen287
\l_MT_below_intertext_sep=\dimen288
\l_MT_above_shortintertext_sep=\dimen289
\l_MT_below_shortintertext_sep=\dimen290
\xmathstrut@box=\box111
\xmathstrut@dim=\dimen291
) (/home/maurizio/.miktex/texmfs/install/tex/latex/base/inputenc.sty
Package: inputenc 2021/02/14 v1.3d Input encoding file
\inpenc@prehook=\toks36
\inpenc@posthook=\toks37
) (/home/maurizio/.miktex/texmfs/install/tex/latex/l3backend/l3backend-pdftex.def
File: l3backend-pdftex.def 2023-11-09 L3 backend support: PDF output (pdfTeX)
\l__color_backend_stack_int=\count311
\l__pdf_internal_box=\box112
) (formulae.aux)
\openout1 = `formulae.aux'.

LaTeX Font Info:    Checking defaults for OML/cmm/m/it on input line 17.
LaTeX Font Info:    ... okay on input line 17.
LaTeX Font Info:    Checking defaults for OMS/cmsy/m/n on input line 17.
LaTeX Font Info:    ... okay on input line 17.
LaTeX Font Info:    Checking defaults for OT1/cmr/m/n on input line 17.
LaTeX Font Info:    ... okay on input line 17.
LaTeX Font Info:    Checking defaults for T1/cmr/m/n on input line 17.
LaTeX Font Info:    ... okay on input line 17.
LaTeX Font Info:    Checking defaults for TS1/cmr/m/n on input line 17.
LaTeX Font Info:    ... okay on input line 17.
LaTeX Font Info:    Checking defaults for OMX/cmex/m/n on input line 17.
LaTeX Font Info:    ... okay on input line 17.
LaTeX Font Info:    Checking defaults for U/cmr/m/n on input line 17.
LaTeX Font Info:    ... okay on input line 17.

*geometry* driver: auto-detecting
*geometry* detected driver: pdftex
*geometry* verbose mode - [ preamble ] result:
* driver: pdftex
* paper: a2paper
* layout: <same size as paper>
* layoutoffset:(h,v)=(0.0pt,0.0pt)
* modes: landscape 
* h-part:(L,W,R)=(0.0pt, 1690.09369pt, 0.0pt)
* v-part:(T,H,B)=(0.0pt, 1195.01575pt, 0.0pt)
* \paperwidth=1690.09369pt
* \paperheight=1195.01575pt
* \textwidth=1690.09369pt
* \textheight=1195.01575pt
* \oddsidemargin=-72.26999pt
* \evensidemargin=-72.26999pt
* \topmargin=-109.26999pt
* \headheight=12.0pt
* \headsep=25.0pt
* \topskip=10.0pt
* \footskip=30.0pt
* \marginparwidth=65.0pt
* \marginparsep=11.0pt
* \columnsep=10.0pt
* \skip\footins=9.0pt plus 4.0pt minus 2.0pt
* \hoffset=0.0pt
* \voffset=0.0pt
* \mag=1000
* \@twocolumnfalse
* \@twosidefalse
* \@mparswitchfalse
* \@reversemarginfalse
* (1in=72.27pt=25.4mm, 1cm=28.453pt)

(/home/maurizio/.miktex/texmfs/install/tex/context/base/mkii/supp-pdf.mkii
[Loading MPS to PDF converter (version 2006.09.02).]
\scratchcounter=\count312
\scratchdimen=\dimen292
\scratchbox=\box113
\nofMPsegments=\count313
\nofMParguments=\count314
\everyMPshowfont=\toks38
\MPscratchCnt=\count315
\MPscratchDim=\dimen293
\MPnumerator=\count316
\makeMPintoPDFobject=\count317
\everyMPtoPDFconversion=\toks39
) (/home/maurizio/.miktex/texmfs/install/tex/latex/epstopdf-pkg/epstopdf-base.sty
Package: epstopdf-base 2020-01-24 v2.11 Base part for package epstopdf
 (/home/maurizio/.miktex/texmfs/install/tex/generic/infwarerr/infwarerr.sty
Package: infwarerr 2019/12/03 v1.5 Providing info/warning/error messages (HO)
) (/home/maurizio/.miktex/texmfs/install/tex/latex/grfext/grfext.sty
Package: grfext 2019/12/03 v1.3 Manage graphics extensions (HO)
 (/home/maurizio/.miktex/texmfs/install/tex/generic/kvdefinekeys/kvdefinekeys.sty
Package: kvdefinekeys 2019-12-19 v1.6 Define keys (HO)
)) (/home/maurizio/.miktex/texmfs/install/tex/latex/kvoptions/kvoptions.sty
Package: kvoptions 2022-06-15 v3.15 Key value format for package options (HO)
 (/home/maurizio/.miktex/texmfs/install/tex/generic/ltxcmds/ltxcmds.sty
Package: ltxcmds 2020-05-10 v1.25 LaTeX kernel commands for general use (HO)
) (/home/maurizio/.miktex/texmfs/install/tex/latex/kvsetkeys/kvsetkeys.sty
Package: kvsetkeys 2022-10-05 v1.19 Key value parser (HO)
)) (/home/maurizio/.miktex/texmfs/install/tex/generic/pdftexcmds/pdftexcmds.sty
Package: pdftexcmds 2020-06-27 v0.33 Utility functions of pdfTeX for LuaTeX (HO)
Package pdftexcmds Info: \pdf@primitive is available.
Package pdftexcmds Info: \pdf@ifprimitive is available.
Package pdftexcmds Info: \pdfdraftmode found.
)
Package epstopdf-base Info: Redefining graphics rule for `.eps' on input line 485.
Package grfext Info: Graphics extension search list:
(grfext)             [.pdf,.png,.jpg,.mps,.jpeg,.jbig2,.jb2,.PDF,.PNG,.JPG,.JPEG,.JBIG2,.JB2,.eps]
(grfext)             \AppendGraphicsExtensions on input line 504.
 (/home/maurizio/.miktex/texmfs/install/tex/latex/00miktex/epstopdf-sys.cfg
File: epstopdf-sys.cfg 2021/03/18 v2.0 Configuration of epstopdf for MiKTeX
))
</home/maurizio/Downloads/table_quantities.png, id=4, 1697.34125pt x 1657.19125pt>
File: /home/maurizio/Downloads/table_quantities.png Graphic file (type png)
<use /home/maurizio/Downloads/table_quantities.png>
Package pdftex.def Info: /home/maurizio/Downloads/table_quantities.png  used on input line 25.
(pdftex.def)             Requested size: 507.03326pt x 495.03714pt.
LaTeX Font Info:    Trying to load font information for U+msa on input line 36.
 (/home/maurizio/.miktex/texmfs/install/tex/latex/amsfonts/umsa.fd
File: umsa.fd 2013/01/14 v3.01 AMS symbols A
)
LaTeX Font Info:    Trying to load font information for U+msb on input line 36.
 (/home/maurizio/.miktex/texmfs/install/tex/latex/amsfonts/umsb.fd
File: umsb.fd 2013/01/14 v3.01 AMS symbols B
)
Underfull \hbox (badness 10000) in paragraph at lines 36--41

 []


Underfull \hbox (badness 10000) in paragraph at lines 53--58

 []


Underfull \hbox (badness 10000) in paragraph at lines 65--69

 []


Underfull \hbox (badness 10000) in paragraph at lines 77--79

 []


Underfull \hbox (badness 10000) in paragraph at lines 86--89

 []


Underfull \hbox (badness 10000) in paragraph at lines 96--99

 []


Underfull \hbox (badness 10000) in paragraph at lines 106--108

 []


Overfull \hbox (1.50903pt too wide) in paragraph at lines 61--112
[][]
 []


Overfull \hbox (1.50903pt too wide) in paragraph at lines 61--112
[]
 []


Overfull \hbox (1.50903pt too wide) in paragraph at lines 61--112
[]
 []


Overfull \hbox (1.50903pt too wide) in paragraph at lines 61--112
[]
 []


Overfull \hbox (1.50903pt too wide) in paragraph at lines 61--112
[]
 []


Overfull \hbox (1.50903pt too wide) in paragraph at lines 61--112
[] 
 []


Underfull \hbox (badness 10000) in paragraph at lines 122--132

 []


Underfull \hbox (badness 10000) in paragraph at lines 139--145

 []


Underfull \hbox (badness 10000) in paragraph at lines 153--155

 []


Overfull \hbox (1.50903pt too wide) in paragraph at lines 135--160
[][]
 []


Overfull \hbox (1.50903pt too wide) in paragraph at lines 135--160
[]
 []


Overfull \hbox (1.50903pt too wide) in paragraph at lines 135--160
[] 
 []


Underfull \hbox (badness 10000) in paragraph at lines 183--187

 []


Underfull \hbox (badness 10000) in paragraph at lines 195--198

 []


Overfull \hbox (1.50903pt too wide) in paragraph at lines 179--203
[][]
 []


Overfull \hbox (1.50903pt too wide) in paragraph at lines 179--203
[]
 []


Overfull \hbox (1.50903pt too wide) in paragraph at lines 179--203
[] 
 []


Underfull \hbox (badness 10000) in paragraph at lines 216--222

 []


Underfull \hbox (badness 10000) in paragraph at lines 231--237

 []


Overfull \hbox (1.50903pt too wide) in paragraph at lines 227--242
[][]
 []


Overfull \hbox (1.50903pt too wide) in paragraph at lines 227--242
[] 
 []


Underfull \hbox (badness 10000) in paragraph at lines 255--262

 []


Underfull \hbox (badness 10000) in paragraph at lines 270--276

 []


Underfull \hbox (badness 10000) in paragraph at lines 283--287

 []


Overfull \hbox (1.50903pt too wide) in paragraph at lines 266--291
[][]
 []


Overfull \hbox (1.50903pt too wide) in paragraph at lines 266--291
[]
 []


Overfull \hbox (1.50903pt too wide) in paragraph at lines 266--291
[] 
 []


Underfull \hbox (badness 10000) in paragraph at lines 303--306

 []


Overfull \hbox (1.50903pt too wide) in paragraph at lines 309--310
[][] 
 []


Underfull \hbox (badness 10000) in paragraph at lines 321--325

 []


Underfull \hbox (badness 10000) in paragraph at lines 332--341

 []


Overfull \hbox (1.50903pt too wide) in paragraph at lines 328--345
[][]
 []


Overfull \hbox (1.50903pt too wide) in paragraph at lines 328--345
[] 
 []


Underfull \hbox (badness 10000) in paragraph at lines 355--359

 []


Underfull \hbox (badness 10000) in paragraph at lines 366--369

 []


Underfull \hbox (badness 10000) in paragraph at lines 376--379
[] \OT1/cmr/m/n/10 = []$
 []


Underfull \hbox (badness 10000) in paragraph at lines 376--379

 []


Underfull \hbox (badness 10000) in paragraph at lines 387--390

 []


Overfull \hbox (1.50903pt too wide) in paragraph at lines 362--395
[][]
 []


Overfull \hbox (1.50903pt too wide) in paragraph at lines 362--395
[]
 []


Overfull \hbox (1.50903pt too wide) in paragraph at lines 362--395
[]
 []


Overfull \hbox (1.50903pt too wide) in paragraph at lines 362--395
[] 
 []


Underfull \hbox (badness 10000) in paragraph at lines 405--411

 []


Overfull \hbox (4.3211pt too wide) in paragraph at lines 418--419
[]$[] \OT1/cmr/m/n/10 = \OML/cmm/m/it/10 U[]\OT1/cmr/m/n/10 ([])\OML/cmm/m/it/10 S\OT1/cmr/m/n/10 ([]) \OML/cmm/m/it/10 S\OT1/cmr/m/n/10 (\OML/cmm/m/it/10 r\OT1/cmr/m/n/10 ) = []$ 
 []


Underfull \hbox (badness 10000) in paragraph at lines 418--419

 []


Overfull \hbox (1.50903pt too wide) in paragraph at lines 414--423
[][]
 []


Overfull \hbox (1.50903pt too wide) in paragraph at lines 414--423
[] 
 []


Underfull \hbox (badness 10000) in paragraph at lines 433--436

 []


Underfull \hbox (badness 10000) in paragraph at lines 443--445

 []


Overfull \hbox (1.50903pt too wide) in paragraph at lines 439--449
[][]
 []


Overfull \hbox (1.50903pt too wide) in paragraph at lines 439--449
[] 
 []


Underfull \hbox (badness 10000) in paragraph at lines 459--461

 []


Underfull \hbox (badness 10000) in paragraph at lines 488--491

 []


Underfull \hbox (badness 10000) in paragraph at lines 492--498

 []


Underfull \hbox (badness 10000) in paragraph at lines 513--518

 []


Overfull \hbox (1.50903pt too wide) in paragraph at lines 464--534
[][]
 []


Overfull \hbox (1.50903pt too wide) in paragraph at lines 464--534
[]
 []


Overfull \hbox (1.50903pt too wide) in paragraph at lines 464--534
[]
 []


Overfull \hbox (1.50903pt too wide) in paragraph at lines 464--534
[]
 []


Overfull \hbox (1.50903pt too wide) in paragraph at lines 464--534
[]
 []


Overfull \hbox (1.50903pt too wide) in paragraph at lines 464--534
[]
 []


Overfull \hbox (1.50903pt too wide) in paragraph at lines 464--534
[] 
 []


Underfull \hbox (badness 10000) in paragraph at lines 544--546

 []


Underfull \hbox (badness 10000) in paragraph at lines 553--556

 []


Underfull \hbox (badness 10000) in paragraph at lines 574--579

 []


Overfull \hbox (1.50903pt too wide) in paragraph at lines 549--595
[][]
 []


Overfull \hbox (1.50903pt too wide) in paragraph at lines 549--595
[]
 []


Overfull \hbox (1.50903pt too wide) in paragraph at lines 549--595
[]
 []


Overfull \hbox (1.50903pt too wide) in paragraph at lines 549--595
[]
 []


Overfull \hbox (1.50903pt too wide) in paragraph at lines 549--595
[] 
 []


Underfull \hbox (badness 10000) in paragraph at lines 605--608

 []


Underfull \hbox (badness 10000) in paragraph at lines 615--625
\OML/cmm/m/it/10 J\OT1/cmr/m/n/10 (\OML/cmm/m/it/10 x[]\OT1/cmr/m/n/10 ; \OML/cmm/m/it/10 x[]\OT1/cmr/m/n/10 ) = \OML/cmm/m/it/10 e[] ^^T\OT1/cmr/m/n/10 (\OML/cmm/m/it/10 x[]; t\OT1/cmr/m/n/10 ) = [] \OMS/cmsy/m/n/10 ) \OML/cmm/m/it/10 J\OT1/cmr/m/n/10 (\OML/cmm/m/it/10 x[]\OT1/cmr/m/n/10 ; \OML/cmm/m/it/10 x[]\OT1/cmr/m/n/10 ) =
 []


Underfull \hbox (badness 10000) in paragraph at lines 615--625

 []


Underfull \hbox (badness 10000) in paragraph at lines 632--638

 []


Overfull \hbox (1.50903pt too wide) in paragraph at lines 611--642
[][]
 []


Overfull \hbox (1.50903pt too wide) in paragraph at lines 611--642
[]
 []


Overfull \hbox (1.50903pt too wide) in paragraph at lines 611--642
[] 
 []


Underfull \hbox (badness 10000) in paragraph at lines 652--654

 []


Underfull \hbox (badness 10000) in paragraph at lines 661--664

 []


Underfull \hbox (badness 10000) in paragraph at lines 671--676

 []


Underfull \hbox (badness 10000) in paragraph at lines 691--693

 []


Underfull \hbox (badness 10000) in paragraph at lines 700--704

 []


Underfull \hbox (badness 10000) in paragraph at lines 711--716

 []


Overfull \hbox (1.50903pt too wide) in paragraph at lines 657--720
[][]
 []


Overfull \hbox (1.50903pt too wide) in paragraph at lines 657--720
[]
 []


Overfull \hbox (1.50903pt too wide) in paragraph at lines 657--720
[]
 []


Overfull \hbox (1.50903pt too wide) in paragraph at lines 657--720
[]
 []


Overfull \hbox (1.50903pt too wide) in paragraph at lines 657--720
[]
 []


Overfull \hbox (1.50903pt too wide) in paragraph at lines 657--720
[]
 []


Overfull \hbox (1.50903pt too wide) in paragraph at lines 657--720
[] 
 []


Underfull \hbox (badness 10000) in paragraph at lines 730--734

 []


Underfull \hbox (badness 10000) in paragraph at lines 741--750

 []


Underfull \hbox (badness 10000) in paragraph at lines 751--752

 []


Underfull \hbox (badness 10000) in paragraph at lines 753--755

 []


Underfull \hbox (badness 10000) in paragraph at lines 756--757

 []


Underfull \hbox (badness 10000) in paragraph at lines 758--759

 []


Underfull \hbox (badness 10000) in paragraph at lines 769--771

 []


Underfull \hbox (badness 10000) in paragraph at lines 778--782

 []


Overfull \hbox (1.50903pt too wide) in paragraph at lines 737--786
[][]
 []


Overfull \hbox (1.50903pt too wide) in paragraph at lines 737--786
[]
 []


Overfull \hbox (1.50903pt too wide) in paragraph at lines 737--786
[]
 []


Overfull \hbox (1.50903pt too wide) in paragraph at lines 737--786
[] 
 []


Underfull \hbox (badness 10000) in paragraph at lines 790--791

 []


Overfull \hbox (1.50903pt too wide) in paragraph at lines 795--796
[][] 
 []


Underfull \hbox (badness 10000) in paragraph at lines 806--809

 []


Underfull \hbox (badness 10000) in paragraph at lines 816--817

 []


Overfull \hbox (1.50903pt too wide) in paragraph at lines 812--821
[][]
 []


Overfull \hbox (1.50903pt too wide) in paragraph at lines 812--821
[] 
 []


Underfull \hbox (badness 10000) in paragraph at lines 831--836

 []


Underfull \hbox (badness 10000) in paragraph at lines 843--846

 []


Overfull \hbox (2.8492pt too wide) in paragraph at lines 853--857
\OML/cmm/m/it/10 PC[]\OT1/cmr/m/n/10 (\OML/cmm/m/it/10 t\OT1/cmr/m/n/10 ) = [] [](\OML/cmm/m/it/10 t\OT1/cmr/m/n/10 ) \OMS/cmsy/m/n/10 ^^A [] \OML/cmm/m/it/10 c[] \OT1/cmr/m/n/10 = [] [][] [][]$ 
 []


Underfull \hbox (badness 10000) in paragraph at lines 853--857

 []


Overfull \hbox (1.50903pt too wide) in paragraph at lines 839--862
[][]
 []


Overfull \hbox (1.50903pt too wide) in paragraph at lines 839--862
[]
 []


Overfull \hbox (1.50903pt too wide) in paragraph at lines 839--862
[] 
 []


Underfull \hbox (badness 10000) in paragraph at lines 872--876

 []


Overfull \hbox (1.50903pt too wide) in paragraph at lines 879--880
[][] 
 []


Underfull \hbox (badness 10000) in paragraph at lines 890--893

 []


Underfull \hbox (badness 10000) in paragraph at lines 900--908

 []


Underfull \hbox (badness 10000) in paragraph at lines 915--917

 []


Overfull \hbox (1.50903pt too wide) in paragraph at lines 896--921
[][]
 []


Overfull \hbox (1.50903pt too wide) in paragraph at lines 896--921
[]
 []


Overfull \hbox (1.50903pt too wide) in paragraph at lines 896--921
[] 
 []


Underfull \hbox (badness 10000) in paragraph at lines 931--938

 []


Underfull \hbox (badness 10000) in paragraph at lines 945--949

 []


Underfull \hbox (badness 10000) in paragraph at lines 956--961

 []


Overfull \hbox (1.50903pt too wide) in paragraph at lines 941--965
[][]
 []


Overfull \hbox (1.50903pt too wide) in paragraph at lines 941--965
[]
 []


Overfull \hbox (1.50903pt too wide) in paragraph at lines 941--965
[] 
 []


Underfull \hbox (badness 10000) in paragraph at lines 975--977

 []


Underfull \hbox (badness 10000) in paragraph at lines 984--987

 []


Underfull \hbox (badness 10000) in paragraph at lines 994--1002

 []


Overfull \hbox (1.50903pt too wide) in paragraph at lines 980--1006
[][]
 []


Overfull \hbox (1.50903pt too wide) in paragraph at lines 980--1006
[]
 []


Overfull \hbox (1.50903pt too wide) in paragraph at lines 980--1006
[] 
 []


Underfull \hbox (badness 10000) in paragraph at lines 1016--1018

 []


Overfull \hbox (1.50903pt too wide) in paragraph at lines 1021--1022
[][] 
 []


Underfull \hbox (badness 10000) in paragraph at lines 1032--1038

 []


Underfull \hbox (badness 10000) in paragraph at lines 1045--1049

 []


Underfull \hbox (badness 10000) in paragraph at lines 1056--1063

 []


Underfull \hbox (badness 10000) in paragraph at lines 1070--1071

 []


Overfull \hbox (1.50903pt too wide) in paragraph at lines 1041--1075
[][]
 []


Overfull \hbox (1.50903pt too wide) in paragraph at lines 1041--1075
[]
 []


Overfull \hbox (1.50903pt too wide) in paragraph at lines 1041--1075
[]
 []


Overfull \hbox (1.50903pt too wide) in paragraph at lines 1041--1075
[] 
 []


Underfull \hbox (badness 10000) in paragraph at lines 1085--1086

 []


Underfull \hbox (badness 10000) in paragraph at lines 1089--1090

 []


Underfull \hbox (badness 10000) in paragraph at lines 1091--1095

 []


Underfull \hbox (badness 10000) in paragraph at lines 1100--1101

 []


Underfull \hbox (badness 10000) in paragraph at lines 1102--1103

 []


Underfull \hbox (badness 10000) in paragraph at lines 1104--1105

 []


Underfull \hbox (badness 10000) in paragraph at lines 1106--1107

 []


Underfull \hbox (badness 10000) in paragraph at lines 1109--1111

 []


Underfull \hbox (badness 10000) in paragraph at lines 1113--1115

 []


Underfull \hbox (badness 10000) in paragraph at lines 1116--1117

 []


Underfull \hbox (badness 10000) in paragraph at lines 1118--1120

 []


Underfull \hbox (badness 10000) in paragraph at lines 1121--1123

 []


Underfull \hbox (badness 10000) in paragraph at lines 1124--1127

 []


Underfull \hbox (badness 10000) in paragraph at lines 1129--1132

 []


Underfull \hbox (badness 10000) in paragraph at lines 1136--1137

 []


Underfull \hbox (badness 10000) in paragraph at lines 1142--1144

 []


Overfull \hbox (1.50903pt too wide) in paragraph at lines 1153--1154
[][] 
 []


Underfull \hbox (badness 10000) in paragraph at lines 1173--1181

 []


Underfull \hbox (badness 10000) in paragraph at lines 1185--1192

 []


Underfull \hbox (badness 10000) in paragraph at lines 1193--1197

 []


Underfull \hbox (badness 10000) in paragraph at lines 1211--1219

 []


Underfull \hbox (badness 10000) in paragraph at lines 1220--1223

 []


Underfull \hbox (badness 10000) in paragraph at lines 1224--1228

 []


Underfull \hbox (badness 10000) in paragraph at lines 1229--1230

 []


Underfull \hbox (badness 10000) in paragraph at lines 1233--1234

 []


Underfull \hbox (badness 10000) in paragraph at lines 1235--1239

 []


Underfull \hbox (badness 10000) in paragraph at lines 1240--1241

 []


Underfull \hbox (badness 10000) in paragraph at lines 1243--1244

 []


Underfull \hbox (badness 10000) in paragraph at lines 1252--1255

 []


Underfull \hbox (badness 10000) in paragraph at lines 1256--1257

 []


Underfull \hbox (badness 10000) in paragraph at lines 1259--1261

 []


Underfull \hbox (badness 10000) in paragraph at lines 1262--1264

 []


Underfull \hbox (badness 10000) in paragraph at lines 1266--1267

 []


Underfull \hbox (badness 10000) in paragraph at lines 1269--1270

 []


Underfull \hbox (badness 10000) in paragraph at lines 1272--1276

 []


Overfull \hbox (1.50903pt too wide) in paragraph at lines 1169--1285
[][]
 []


Overfull \hbox (1.50903pt too wide) in paragraph at lines 1169--1285
[]
 []


Overfull \hbox (1.50903pt too wide) in paragraph at lines 1169--1285
[] 
 []


LaTeX Warning: Command \textdegree invalid in math mode on input line 1298.


LaTeX Warning: Command \textdegree invalid in math mode on input line 1298.

Missing character: There is no ° in font cmr10!

Underfull \hbox (badness 10000) in paragraph at lines 1322--1325

 []


Underfull \hbox (badness 10000) in paragraph at lines 1326--1329

 []


Underfull \hbox (badness 10000) in paragraph at lines 1330--1332

 []


Underfull \hbox (badness 10000) in paragraph at lines 1333--1334

 []


Underfull \hbox (badness 10000) in paragraph at lines 1335--1338

 []


Overfull \hbox (1.50903pt too wide) in paragraph at lines 1315--1347
[][]
 []


Overfull \hbox (1.50903pt too wide) in paragraph at lines 1315--1347
[] 
 []


Underfull \hbox (badness 10000) in paragraph at lines 31--1352
[]
 []


Underfull \hbox (badness 10000) in paragraph at lines 31--1352
[]
 []


Underfull \hbox (badness 10000) in paragraph at lines 31--1352
[]
 []


Underfull \hbox (badness 10000) in paragraph at lines 31--1352
[]
 []


Underfull \hbox (badness 10000) in paragraph at lines 31--1352
[]
 []


Underfull \hbox (badness 10000) in paragraph at lines 31--1352
[]
 []


Underfull \hbox (badness 10000) in paragraph at lines 31--1352
[]
 []


Underfull \hbox (badness 10000) in paragraph at lines 31--1352
[]
 []


Underfull \hbox (badness 10000) in paragraph at lines 31--1352
[]
 []


Underfull \hbox (badness 10000) in paragraph at lines 31--1352
[]
 []


Underfull \hbox (badness 10000) in paragraph at lines 31--1352
[]
 []


Underfull \hbox (badness 10000) in paragraph at lines 31--1352
[]
 []


Underfull \hbox (badness 10000) in paragraph at lines 31--1352
[]
 []


Underfull \hbox (badness 10000) in paragraph at lines 31--1352
[]
 []


Underfull \hbox (badness 10000) in paragraph at lines 31--1352
[]
 []


Underfull \hbox (badness 10000) in paragraph at lines 31--1352
[]
 []


Underfull \hbox (badness 10000) in paragraph at lines 31--1352
[]
 []


Underfull \hbox (badness 10000) in paragraph at lines 31--1352
[]
 []


Underfull \hbox (badness 10000) in paragraph at lines 31--1352
[]
 []


Underfull \hbox (badness 10000) in paragraph at lines 31--1352
[]
 []


Underfull \hbox (badness 10000) in paragraph at lines 31--1352
[]
 []


Underfull \hbox (badness 10000) in paragraph at lines 31--1352
[]
 []


Underfull \hbox (badness 10000) in paragraph at lines 31--1352
[]
 []


Underfull \hbox (badness 10000) in paragraph at lines 31--1352
[]
 []


Underfull \hbox (badness 10000) in paragraph at lines 31--1352
[]
 []


Underfull \hbox (badness 10000) in paragraph at lines 31--1352
[]
 []

[1

{/home/maurizio/.miktex/texmfs/data/fonts/map/pdftex/pdftex.map} </home/maurizio/Downloads/table_quantities.png>] [2] [3]
Overfull \vbox (3.77675pt too high) has occurred while \output is active []


Overfull \vbox (3.77675pt too high) has occurred while \output is active []

 [4] (formulae.aux)
 ***********
LaTeX2e <2023-11-01>
L3 programming layer <2023-11-09>
 ***********
 ) 
Here is how much of TeX's memory you used:
 15382 strings out of 474588
 314501 string characters out of 5749044
 2239555 words of memory out of 5000000
 37292 multiletter control sequences out of 15000+600000
 561017 words of font info for 48 fonts, out of 8000000 for 9000
 1141 hyphenation exceptions out of 8191
 102i,22n,107p,567b,1298s stack positions out of 10000i,1000n,20000p,200000b,200000s
 </home/maurizio/.miktex/texmfs/data/fonts/pk/ljfour/jknappen/ec/dpi600/tcrm1000.pk></home/maurizio/.miktex/texmfs/install/fonts/type1/public/amsfonts/cm/cmbx10.pfb></home/maurizio/.miktex/texmfs/install/fonts/type1/public/amsfonts/cm/cmbx12.pfb></home/maurizio/.miktex/texmfs/install/fonts/type1/public/amsfonts/cm/cmex10.pfb></home/maurizio/.miktex/texmfs/install/fonts/type1/public/amsfonts/cmextra/cmex7.pfb></home/maurizio/.miktex/texmfs/install/fonts/type1/public/amsfonts/cm/cmmi10.pfb></home/maurizio/.miktex/texmfs/install/fonts/type1/public/amsfonts/cm/cmmi5.pfb></home/maurizio/.miktex/texmfs/install/fonts/type1/public/amsfonts/cm/cmmi7.pfb></home/maurizio/.miktex/texmfs/install/fonts/type1/public/amsfonts/cm/cmr10.pfb></home/maurizio/.miktex/texmfs/install/fonts/type1/public/amsfonts/cm/cmr5.pfb></home/maurizio/.miktex/texmfs/install/fonts/type1/public/amsfonts/cm/cmr7.pfb></home/maurizio/.miktex/texmfs/install/fonts/type1/public/amsfonts/cm/cmsy10.pfb></home/maurizio/.miktex/texmfs/install/fonts/type1/public/amsfonts/cm/cmsy5.pfb></home/maurizio/.miktex/texmfs/install/fonts/type1/public/amsfonts/cm/cmsy7.pfb>
Output written on formulae.pdf (4 pages, 500584 bytes).
PDF statistics:
 91 PDF objects out of 1000 (max. 8388607)
 0 named destinations out of 1000 (max. 500000)
 18 words of extra memory for PDF output out of 10000 (max. 10000000)

